---
{
  "title": "Empty lines",
  "description": "Lines that contain only whitespace are skipped.",
  "args": "--print-tokens --print-chunks",
  "input": [
    "",
    "\t\t",
    "  "
  ]
}
---
Welcome to tiny-calc!
Type :help if you are lost =)
>> >> >> >> CTRL+D