---
{
  "title": "Constants",
  "description": "Currently only pi exists as a constant.",
  "args": "--plain",
  "input": [
    "pi"
  ]
}
---
3.141592653589793
