---
"args": "--print-tokens --print-chunks"
"input": ["+ 1 2", "/ pi 2"]
---
Welcome to tiny-calc!
Type :help if you are lost =)
>> Tokens:
    Plus[+] 0..1
    Number[1] 2..3
    Number[2] 4..5
OpCodes:
    [0] Literal
    [1] Literal
    [2] Add
Literals:
    [0] 2
    [1] 1
3
>> Tokens:
    Slash[/] 0..1
    Identifier[pi] 2..4
    Number[2] 5..6
OpCodes:
    [0] Literal
    [1] Literal
    [2] Div
Literals:
    [0] 2
    [1] 3.141592653589793
1.5707963267948966
>> CTRL+D