---
"args": "--plain"
"input": ["pi"]
---
3.141592653589793
