---
"title": "Empty lines"
"description": ""
"args": "--print-tokens --print-chunks"
"input": ["", ""]
---
Welcome to tiny-calc!
Type :help if you are lost =)
>> >> >> CTRL+D