---
"args": "--plain"
"input": ["+ 1 2", "+ 20 + 19 + 18 + 17 + 16 + 15 + 14 + 13 + 12 + 11 + 10 9", "* 20 0.11", "/ 5 2", "/ 18 2.2"]
---
3
174
2.2
2.5
8.181818181818182
